// Vitest Snapshot v1

exports[`code generate > happy path: interpolation node 1`] = `
"const { toDisplayString:_toDisplayString } = Vue
return function render(_ctx,_cache){return _toDisplayString(_ctx.message)}"
`;

exports[`code generate > happy path: multiple element 1`] = `
"const { toDisplayString:_toDisplayString,createElementVNode:_createElementVNode,createTextVNode:_createTextVNode } = Vue
return function render(_ctx,_cache){return _createElementVNode('div', null, [_createTextVNode('hi,' + _toDisplayString(_ctx.message)), _createElementVNode('p', null, 'embed-element')])}"
`;

exports[`code generate > happy path: text node 1`] = `"return function render(_ctx,_cache){return 'hi'}"`;

exports[`code generate > happy path: unit 1`] = `
"const { toDisplayString:_toDisplayString,createElementVNode:_createElementVNode } = Vue
return function render(_ctx,_cache){return _createElementVNode('div', null, 'hi,' + _toDisplayString(_ctx.message))}"
`;

exports[`code generate > happy path：element node 1`] = `
"const { createElementVNode:_createElementVNode } = Vue
return function render(_ctx,_cache){return _createElementVNode('div', null, 'ni')}"
`;

exports[`code generate happy path: interpolation node 1`] = `
"const { toDisplayString:_toDisplayString } = Vue
return function render(_ctx,_cache){return _toDisplayString(_ctx.message)}"
`;

exports[`code generate happy path: multiple element 1`] = `
"const { toDisplayString:_toDisplayString,createElementVNode:_createElementVNode,createTextVNode:_createTextVNode } = Vue
return function render(_ctx,_cache){return _createElementVNode('div', null, [_createTextVNode('hi,' + _toDisplayString(_ctx.message)), _createElementVNode('p', null, 'embed-element')])}"
`;

exports[`code generate happy path: text node 1`] = `"return function render(_ctx,_cache){return 'hi'}"`;

exports[`code generate happy path: unit 1`] = `
"const { toDisplayString:_toDisplayString,createElementVNode:_createElementVNode } = Vue
return function render(_ctx,_cache){return _createElementVNode('div', null, 'hi,' + _toDisplayString(_ctx.message))}"
`;

exports[`code generate happy path：element node 1`] = `
"const { createElementVNode:_createElementVNode } = Vue
return function render(_ctx,_cache){return _createElementVNode('div', null, 'ni')}"
`;
