// Jest Snapshot v1, https://goo.gl/fbAQLP

exports[`code generate happy path: interpolation node 1`] = `
"const { toDisplayString:_toDisplayString } = Vue
return function render(_ctx,_cache){return _toDisplayString(_ctx.message)}"
`;

exports[`code generate happy path: text node 1`] = `"return function render(_ctx,_cache){return 'hi'}"`;

exports[`code generate happy path: unit 1`] = `
"const { toDisplayString:_toDisplayString,createElementVNode:_createElementVNode } = Vue
return function render(_ctx,_cache){return _createElementVNode('div', null, 'hi,' + _toDisplayString(_ctx.message))}"
`;

exports[`code generate happy pathï¼šelement node 1`] = `
"const { createElementVNode:_createElementVNode } = Vue
return function render(_ctx,_cache){return _createElementVNode('div', null, null)}"
`;
